###############################################################################
#
# IAR ELF Linker V8.22.2.15995/W32 for ARM                08/May/2018  23:32:20
# Copyright 2007-2018 IAR Systems AB.
#
#    Output file  =  
#        C:\Users\lidong\Documents\GitHub\imx6ul\hello_world\iar\ddr_debug\hello_world.out
#    Map file     =  
#        C:\Users\lidong\Documents\GitHub\imx6ul\hello_world\iar\ddr_debug\list\hello_world.map
#    Command line =  
#        -f C:\Users\lidong\AppData\Local\Temp\EW4030.tmp
#        (C:\Users\lidong\Documents\GitHub\imx6ul\hello_world\iar\ddr_debug\obj\board.o
#        C:\Users\lidong\Documents\GitHub\imx6ul\hello_world\iar\ddr_debug\obj\clock_config.o
#        C:\Users\lidong\Documents\GitHub\imx6ul\hello_world\iar\ddr_debug\obj\clock_config_ocram.o
#        C:\Users\lidong\Documents\GitHub\imx6ul\hello_world\iar\ddr_debug\obj\fsl_clock.o
#        C:\Users\lidong\Documents\GitHub\imx6ul\hello_world\iar\ddr_debug\obj\fsl_common.o
#        C:\Users\lidong\Documents\GitHub\imx6ul\hello_world\iar\ddr_debug\obj\fsl_debug_console.o
#        C:\Users\lidong\Documents\GitHub\imx6ul\hello_world\iar\ddr_debug\obj\fsl_io.o
#        C:\Users\lidong\Documents\GitHub\imx6ul\hello_world\iar\ddr_debug\obj\fsl_log.o
#        C:\Users\lidong\Documents\GitHub\imx6ul\hello_world\iar\ddr_debug\obj\fsl_str.o
#        C:\Users\lidong\Documents\GitHub\imx6ul\hello_world\iar\ddr_debug\obj\fsl_uart.o
#        C:\Users\lidong\Documents\GitHub\imx6ul\hello_world\iar\ddr_debug\obj\hello_world.o
#        C:\Users\lidong\Documents\GitHub\imx6ul\hello_world\iar\ddr_debug\obj\pin_mux.o
#        C:\Users\lidong\Documents\GitHub\imx6ul\hello_world\iar\ddr_debug\obj\startup_MCIMX6G2.o
#        C:\Users\lidong\Documents\GitHub\imx6ul\hello_world\iar\ddr_debug\obj\system_MCIMX6G2.o
#        --redirect _Printf=_PrintfSmallNoMb --redirect _Scanf=_ScanfSmallNoMb
#        -o
#        C:\Users\lidong\Documents\GitHub\imx6ul\hello_world\iar\ddr_debug\hello_world.out
#        --map
#        C:\Users\lidong\Documents\GitHub\imx6ul\hello_world\iar\ddr_debug\list\hello_world.map
#        --config
#        C:\Users\lidong\Documents\GitHub\imx6ul\hello_world\iar/MCIMX6G3xxx05_ram.icf
#        --semihosting --entry __iar_program_start --vfe --text_out locale)
#
###############################################################################

*******************************************************************************
*** RUNTIME MODEL ATTRIBUTES
***

CppFlavor       = *
__Heap_Handler  = DLMalloc
__SystemLibrary = DLib
__dlib_version  = 6


*******************************************************************************
*** HEAP SELECTION
***

The advanced heap was selected because the application calls memory
allocation functions outside of system library functions, and there
are calls to deallocation functions in the application.


*******************************************************************************
*** PLACEMENT SUMMARY
***

"A0":  place at 0x80002000 { ro section .intvec };
"P1":  place in [from 0x00900000 to 0x0091feff] { first section OcramData };
"P2":  place in [from 0x00900000 to 0x0091feff] {
          rw object clock_config_ocram.o };
define block RSTACK with size = 256, alignment = 8 { };
"P3":  place in [from 0x0091ff00 to 0x0091ffff] { block RSTACK };
"P4":  place in [from 0x80002000 to 0x8000203f] |
                [from 0x80002040 to 0x803fffff] { ro };
define block RW with alignment = 1M { rw };
"P6":  place in [from 0x80400000 to 0x807ff7ff] { block RW };
define block ZI { zi };
"P7":  place in [from 0x80400000 to 0x807ff7ff] { block ZI };
define block CSTACK with size = 1K, alignment = 8 { };
"P9":  place in [from 0x807ff800 to 0x807ffbff] { block CSTACK };
define block ISTACK with size = 1K, alignment = 8 { };
"P10": place in [from 0x807ffc00 to 0x807fffff] { block ISTACK };
initialize by copy {
   rw, section .textrw, object clock_config_ocram.o section .text,
   object clock_config_ocram.o section .rodata };

No sections matched the following patterns:

  section NonCacheable  in block NCACHE_VAR


  Section            Kind        Address    Size  Object
  -------            ----        -------    ----  ------
"P1":                                     0x4000
  OcramData          zero     0x00900000  0x4000  board.o [1]
                            - 0x00904000  0x4000

"P2":                                      0x764
  P2 s0                       0x00904000   0x764  <Init block>
    .text            inited   0x00904000   0x764  clock_config_ocram.o [1]
                            - 0x00904764   0x764

"P3":                                      0x100
  RSTACK                      0x0091ff00   0x100  <Block>
    RSTACK           uninit   0x0091ff00   0x100  <Block tail>
                            - 0x00920000   0x100

"A0":                                       0x3c
  .intvec            ro code  0x80002000    0x3c  startup_MCIMX6G2.o [1]
                            - 0x8000203c    0x3c

"P4", part 1 of 2:                           0x0
  .rodata            const    0x8000203c     0x0  zero_init3.o [5]
  .rodata            const    0x8000203c     0x0  lz77_init.o [5]

"P4", part 2 of 2:                        0x3121
  .text              ro code  0x80002040   0x89c  fsl_uart.o [1]
  .text              ro code  0x800028dc    0x30  fsl_common.o [1]
  .text              ro code  0x8000290c   0x130  I64DivMod.o [5]
  .text              ro code  0x80002a3c    0xac  fsl_debug_console.o [1]
  .text              ro code  0x80002ae8   0x17c  I32DivMod.o [5]
  .text              ro code  0x80002c64     0x4  I64DivZer.o [5]
  .text              ro code  0x80002c68   0x14c  fsl_log.o [1]
  .text              ro code  0x80002db4     0x8  ABImemclr4.o [5]
  .text              ro code  0x80002dbc   0x54c  fsl_str.o [1]
  .text              ro code  0x80003308     0x4  IntDivZer.o [5]
  .text              ro code  0x8000330c   0x108  fsl_io.o [1]
  .text              ro code  0x80003414    0x38  ABImemset48.o [5]
  .text              ro code  0x8000344c    0x54  strlen.o [5]
  .text              ro code  0x800034a0   0x4ec  board.o [1]
  .text              ro code  0x8000398c    0x74  ABImemset.o [5]
  .text              ro code  0x80003a00   0x384  fsl_clock.o [1]
  .text              ro code  0x80003d84    0xb0  ABImemcpy.o [5]
  .text              ro code  0x80003e34   0x454  system_MCIMX6G2.o [1]
  Veneer             ro code  0x80004288     0x8  - Linker created -
  .text              ro code  0x80004290   0x328  clock_config.o [1]
  .text              ro code  0x800045b8   0x1ea  lz77_init.o [5]
  .text              ro code  0x800047a2     0x6  abort.o [3]
  .text              ro code  0x800047a8    0x14  exit.o [6]
  .text              ro code  0x800047bc    0xf8  pin_mux.o [1]
  .text              ro code  0x800048b4    0x6c  startup_MCIMX6G2.o [1]
  .text              ro code  0x80004920    0x5c  startup_MCIMX6G2.o [1]
  .rodata            const    0x8000497c    0x50  clock_config.o [1]
  .rodata            const    0x800049cc    0x50  fsl_log.o [1]
  .rodata            const    0x80004a1c    0x50  fsl_uart.o [1]
  .text              ro code  0x80004a6c    0x50  hello_world.o [1]
  .rodata            const    0x80004abc    0x4c  fsl_uart.o [1]
  .rodata            const    0x80004b08    0x4c  fsl_uart.o [1]
  .text              ro code  0x80004b54    0x40  zero_init3.o [5]
  .text              ro code  0x80004b94    0x30  cmain.o [5]
  .text              ro code  0x80004bc4     0x4  low_level_init.o [3]
  .text              ro code  0x80004bc8    0x30  data_init.o [5]
  Veneer             ro code  0x80004bf8     0x8  - Linker created -
  .text              ro code  0x80004c00     0x4  exit.o [3]
  .text              ro code  0x80004c04    0x10  cexit.o [5]
  .rodata            const    0x80004c14    0x2c  fsl_common.o [1]
  .text              ro code  0x80004c40    0x28  fpinit.o [4]
  .rodata            const    0x80004c68    0x24  fsl_uart.o [1]
  .iar.init_table    const    0x80004c8c    0x50  - Linker created -
  .rodata            const    0x80004cdc    0x14  fsl_uart.o [1]
  .rodata            const    0x80004cf0    0x10  fsl_clock.o [1]
  .rodata            const    0x80004d00    0x10  hello_world.o [1]
  .rodata            const    0x80004d10    0x10  hello_world.o [1]
  .rodata            const    0x80004d20     0x8  clock_config.o [1]
  .rodata            const    0x80004d28     0x8  fsl_log.o [1]
  .rodata            const    0x80004d30     0x8  fsl_uart.o [1]
  .rodata            const    0x80004d38     0x4  board.o [1]
  .rodata            const    0x80004d3c     0x4  board.o [1]
  .rodata            const    0x80004d40     0x4  board.o [1]
  .rodata            const    0x80004d44     0x4  board.o [1]
  .rodata            const    0x80004d48     0x4  clock_config.o [1]
  .text              ro code  0x80004d4c     0x4  xreturnswi.o [6]
  Initializer bytes  const    0x80004d50     0x6  <for RW-1>
  Initializer bytes  const    0x80004d56   0x40b  <for P2 s0>
                            - 0x80005161  0x3121

"P6-P7", part 1 of 2:                        0x4
  RW                          0x80400000     0x4  <Block>
    RW-1                      0x80400000     0x4  <Init block>
      .data          inited   0x80400000     0x4  system_MCIMX6G2.o [1]
                            - 0x80400004     0x4

"P6-P7", part 2 of 2:                      0x510
  ZI                          0x80400004   0x510  <Block>
    .bss             zero     0x80400004     0x4  fsl_clock.o [1]
    .bss             zero     0x80400008     0x4  fsl_clock.o [1]
    .bss             zero     0x8040000c     0x4  fsl_io.o [1]
    .bss             zero     0x80400010   0x500  system_MCIMX6G2.o [1]
    .bss             zero     0x80400510     0x4  system_MCIMX6G2.o [1]
                            - 0x80400514   0x510

"P9":                                      0x400
  CSTACK                      0x807ff800   0x400  <Block>
    CSTACK           uninit   0x807ff800   0x400  <Block tail>
                            - 0x807ffc00   0x400

"P10":                                     0x400
  ISTACK                      0x807ffc00   0x400  <Block>
    ISTACK           uninit   0x807ffc00   0x400  <Block tail>
                            - 0x80800000   0x400


*******************************************************************************
*** INIT TABLE
***

          Address     Size
          -------     ----
Zero (__iar_zero_init3)
    2 destination ranges, total size 0x4510:
          0x00900000  0x4000
          0x80400004   0x510

Copy/lz77 (__iar_lz77_init3)
    1 source range, total size 0x6 (150% of destination):
          0x80004d50     0x6
    1 destination range, total size 0x4:
          0x80400000     0x4

Copy/lz77 (__iar_lz77_init3)
    1 source range, total size 0x40b (54% of destination):
          0x80004d56   0x40b
    1 destination range, total size 0x764:
          0x00904000   0x764



*******************************************************************************
*** MODULE SUMMARY
***

    Module                ro code  rw code  ro data  rw data
    ------                -------  -------  -------  -------
C:\Users\lidong\Documents\GitHub\imx6ul\hello_world\iar\ddr_debug\obj: [1]
    board.o                 1 260                16   16 384
    clock_config.o            808                92
    clock_config_ocram.o             1 892    1 035
    fsl_clock.o               900                16        8
    fsl_common.o               48                44
    fsl_debug_console.o       172
    fsl_io.o                  264                          4
    fsl_log.o                 332                88
    fsl_str.o               1 356
    fsl_uart.o              2 204               296
    hello_world.o              80                32
    pin_mux.o                 248
    startup_MCIMX6G2.o        260
    system_MCIMX6G2.o       1 108                 6    1 288
    --------------------------------------------------------
    Total:                  9 040    1 892    1 625   17 684

command line: [2]
    --------------------------------------------------------
    Total:

dl7Sx_tln.a: [3]
    abort.o                     6
    exit.o                      4
    low_level_init.o            4
    --------------------------------------------------------
    Total:                     14

m7Sx_tlv.a: [4]
    fpinit.o                   40
    --------------------------------------------------------
    Total:                     40

rt7Sx_tl.a: [5]
    ABImemclr4.o                8
    ABImemcpy.o               176
    ABImemset.o               116
    ABImemset48.o              56
    I32DivMod.o               380
    I64DivMod.o               304
    I64DivZer.o                 4
    IntDivZer.o                 4
    cexit.o                    16
    cmain.o                    48
    data_init.o                48
    lz77_init.o               490
    strlen.o                   84
    zero_init3.o               64
    --------------------------------------------------------
    Total:                  1 798

sh7Sxs_l.a: [6]
    exit.o                     20
    xreturnswi.o                4
    --------------------------------------------------------
    Total:                     24

    Linker created             16                80    2 304
------------------------------------------------------------
    Grand Total:           10 932    1 892    1 705   19 988


*******************************************************************************
*** ENTRY LIST
***

Entry                      Address    Size  Type      Object
-----                      -------    ----  ----      ------
.iar.init_table$$Base   0x80004c8c           --   Gb  - Linker created -
.iar.init_table$$Limit  0x80004cdc           --   Gb  - Linker created -
?main                   0x80004b94          Code  Gb  cmain.o [5]
BOARD_BootClockGate     0x8000442c    0x6c  Code  Lc  clock_config.o [1]
BOARD_BootClockRUN      0x80004498    0xdc  Code  Gb  clock_config.o [1]
BOARD_DebugConsoleSrcFreq
                        0x800038d4    0x60  Code  Gb  board.o [1]
BOARD_InitDebugConsole  0x80003934    0x2c  Code  Gb  board.o [1]
BOARD_InitMemory        0x800036e0   0x1f4  Code  Gb  board.o [1]
BOARD_InitPins          0x80004808    0x98  Code  Gb  pin_mux.o [1]
BOARD_SetRunClock       0x00904000   0x764  Code  Gb  clock_config_ocram.o [1]
CLOCK_ControlGate       0x80002040    0x74  Code  Lc  fsl_uart.o [1]
CLOCK_DeinitAudioPll    0x80003a64    0x10  Code  Gb  fsl_clock.o [1]
CLOCK_DeinitEnetPll     0x80003a84    0x10  Code  Gb  fsl_clock.o [1]
CLOCK_DeinitUsb2Pll     0x80003a54    0x10  Code  Gb  fsl_clock.o [1]
CLOCK_DeinitVideoPll    0x80003a74    0x10  Code  Gb  fsl_clock.o [1]
CLOCK_EnableClock       0x800020b4    0x1c  Code  Lc  fsl_uart.o [1]
CLOCK_GetDiv            0x80003684    0x38  Code  Lc  board.o [1]
CLOCK_GetMux            0x80003650    0x34  Code  Lc  board.o [1]
CLOCK_GetMux            0x80004338    0x34  Code  Lc  clock_config.o [1]
CLOCK_GetOscFreq        0x800036bc    0x24  Code  Lc  board.o [1]
CLOCK_GetOscFreq        0x80003a00    0x24  Code  Lc  fsl_clock.o [1]
CLOCK_GetPllFreq        0x80003a94   0x2a8  Code  Gb  fsl_clock.o [1]
CLOCK_InitArmPll        0x80003a24    0x30  Code  Gb  fsl_clock.o [1]
CLOCK_SetDiv            0x8000436c    0xa8  Code  Lc  clock_config.o [1]
CLOCK_SetMux            0x80004290    0xa8  Code  Lc  clock_config.o [1]
CLOCK_SetRtcXtalFreq    0x80004420     0xc  Code  Lc  clock_config.o [1]
CLOCK_SetXtalFreq       0x80004414     0xc  Code  Lc  clock_config.o [1]
CSTACK$$Base            0x807ff800           --   Gb  - Linker created -
CSTACK$$Limit           0x807ffc00           --   Gb  - Linker created -
ConvertRadixNumToString
                        0x80002df0   0x110  Code  Lc  fsl_str.o [1]
DbgConsole_Getchar      0x80002ad0    0x18  Code  Gb  fsl_debug_console.o [1]
DbgConsole_Init         0x80002a3c    0x40  Code  Gb  fsl_debug_console.o [1]
DbgConsole_Printf       0x80002a7c    0x54  Code  Gb  fsl_debug_console.o [1]
GIC_Init                0x80003fdc    0x7c  Code  Lc  system_MCIMX6G2.o [1]
IOMUXC_SetPinConfig     0x800047ec    0x1c  Code  Lc  pin_mux.o [1]
IOMUXC_SetPinMux        0x800047bc    0x30  Code  Lc  pin_mux.o [1]
IO_Init                 0x8000336c    0x54  Code  Gb  fsl_io.o [1]
IO_Receive              0x800033e8    0x28  Code  Gb  fsl_io.o [1]
IO_Transmit             0x800033c0    0x28  Code  Gb  fsl_io.o [1]
ISTACK$$Base            0x807ffc00           --   Gb  - Linker created -
ISTACK$$Limit           0x80800000           --   Gb  - Linker created -
InStream_Read           0x800045cd    0x26  Code  Lc  lz77_init.o [5]
InStream_StepRegion     0x800045b9    0x14  Code  Lc  lz77_init.o [5]
L1C_InvalidateDataCacheAll
                        0x80003fcc    0x10  Code  Lc  system_MCIMX6G2.o [1]
L1C_InvalidateInstructionCacheAll
                        0x80003e84    0x1c  Code  Lc  system_MCIMX6G2.o [1]
L1C_OpDataCacheAll      0x80003ea0   0x12c  Code  Lc  system_MCIMX6G2.o [1]
LOG_Init                0x80002c68    0x2c  Code  Gb  fsl_log.o [1]
LOG_Print               0x80002c94    0x4c  Code  Gb  fsl_log.o [1]
LOG_Scanf               0x80002ce0    0xcc  Code  Gb  fsl_log.o [1]
MMU_ConfigSection       0x80003514   0x104  Code  Lc  board.o [1]
MMU_Enable              0x8000362c    0x24  Code  Lc  board.o [1]
MMU_Init                0x800034c8    0x4c  Code  Lc  board.o [1]
MMU_InvalidateTLB       0x80003618    0x14  Code  Lc  board.o [1]
MMU_L1Table             0x00900000  0x4000  Data  Lc  board.o [1]
NonCacheable$$Base      0x00000000           --   Gb  - Linker created -
NonCacheable$$Length    0x00000000           --   Gb  - Linker created -
OutStream_Write         0x800045f3    0x42  Code  Lc  lz77_init.o [5]
PrintfPaddingCharacter  0x80002dbc    0x34  Code  Lc  fsl_str.o [1]
RSTACK$$Base            0x0091ff00           --   Gb  - Linker created -
RSTACK$$Limit           0x00920000           --   Gb  - Linker created -
RW$$Base                0x80400000           --   Gb  - Linker created -
RW$$Limit               0x80400004           --   Gb  - Linker created -
Region$$Table$$Base     0x80004c8c           --   Gb  - Linker created -
Region$$Table$$Limit    0x80004cdc           --   Gb  - Linker created -
StrFormatPrintf         0x80002f00   0x408  Code  Gb  fsl_str.o [1]
SystemCoreClock         0x80400000     0x4  Data  Gb  system_MCIMX6G2.o [1]
SystemCoreClockUpdate   0x800040c8   0x110  Code  Gb  system_MCIMX6G2.o [1]
SystemInit              0x80004058    0x70  Code  Gb  system_MCIMX6G2.o [1]
SystemIrqHandler        0x80004200    0x88  Code  Wk  system_MCIMX6G2.o [1]
UART_ClearStatusFlag    0x8000275c    0x28  Code  Gb  fsl_uart.o [1]
UART_Disable            0x800020fc    0x10  Code  Lc  fsl_uart.o [1]
UART_Enable             0x800020ec    0x10  Code  Lc  fsl_uart.o [1]
UART_EnableAutoBaudRate
                        0x800021dc    0x3c  Code  Lc  fsl_uart.o [1]
UART_EnableRx           0x8000333c    0x30  Code  Lc  fsl_io.o [1]
UART_EnableTx           0x8000330c    0x30  Code  Lc  fsl_io.o [1]
UART_GetDefaultConfig   0x80002404    0x74  Code  Gb  fsl_uart.o [1]
UART_GetInstance        0x80002218    0x58  Code  Gb  fsl_uart.o [1]
UART_Init               0x80002270   0x194  Code  Gb  fsl_uart.o [1]
UART_ReadBlocking       0x800027e4    0xd0  Code  Gb  fsl_uart.o [1]
UART_ReadByte           0x8000211c     0xc  Code  Lc  fsl_uart.o [1]
UART_SetBaudRate        0x80002478   0x2e4  Code  Gb  fsl_uart.o [1]
UART_SetRxFifoWatermark
                        0x8000218c    0x50  Code  Lc  fsl_uart.o [1]
UART_SetTxFifoWatermark
                        0x80002128    0x64  Code  Lc  fsl_uart.o [1]
UART_SoftwareReset      0x800020d0    0x1c  Code  Lc  fsl_uart.o [1]
UART_WriteBlocking      0x80002784    0x60  Code  Gb  fsl_uart.o [1]
UART_WriteByte          0x8000210c    0x10  Code  Lc  fsl_uart.o [1]
ZI$$Base                0x80400004           --   Gb  - Linker created -
ZI$$Limit               0x80400514           --   Gb  - Linker created -
__VECTOR_TABLE {Abs}    0x80002000          Data  Gb  command line/config [2]
__aeabi_assert          0x800028dc    0x2c  Code  Gb  fsl_common.o [1]
__aeabi_idiv0           0x80003308          Code  Gb  IntDivZer.o [5]
__aeabi_ldiv0           0x80002c64          Code  Gb  I64DivZer.o [5]
__aeabi_memclr4         0x80002db4          Code  Gb  ABImemclr4.o [5]
__aeabi_memcpy4         0x80003d84          Code  Gb  ABImemcpy.o [5]
__aeabi_memcpy8         0x80003d84          Code  Gb  ABImemcpy.o [5]
__aeabi_memset          0x8000398c          Code  Gb  ABImemset.o [5]
__aeabi_uidiv           0x80002ae8          Code  Gb  I32DivMod.o [5]
__aeabi_uidivmod        0x80002ae8          Code  Gb  I32DivMod.o [5]
__aeabi_uldivmod        0x8000290c          Code  Gb  I64DivMod.o [5]
__cmain                 0x80004b94          Code  Gb  cmain.o [5]
__exit                  0x800047a9    0x14  Code  Gb  exit.o [6]
__get_ACTLR             0x80003e54     0x8  Code  Lc  system_MCIMX6G2.o [1]
__get_CBAR              0x80003e7c     0x8  Code  Lc  system_MCIMX6G2.o [1]
__get_CPACR             0x80003e64     0x8  Code  Lc  system_MCIMX6G2.o [1]
__get_FPEXC             0x80003e34     0x8  Code  Lc  system_MCIMX6G2.o [1]
__get_SCTLR             0x800034a0     0x8  Code  Lc  board.o [1]
__get_SCTLR             0x80003e44     0x8  Code  Lc  system_MCIMX6G2.o [1]
__iar_Memset            0x8000398c          Code  Gb  ABImemset.o [5]
__iar_Memset4_word      0x80003414          Code  Gb  ABImemset48.o [5]
__iar_Memset8_word      0x80003414          Code  Gb  ABImemset48.o [5]
__iar_Memset_word       0x80003994          Code  Gb  ABImemset.o [5]
__iar_data_init3        0x80004bc9    0x30  Code  Gb  data_init.o [5]
__iar_init_vfp          0x80004c54          Code  Gb  fpinit.o [4]
__iar_init_vfp_v6       0x80004c40          Code  Gb  fpinit.o [4]
__iar_lz77_init3        0x80004635   0x16e  Code  Gb  lz77_init.o [5]
__iar_program_start     0x80004920          Code  Gb  startup_MCIMX6G2.o [1]
__iar_return_from_swi   0x80004d4c     0x4  Code  Gb  xreturnswi.o [6]
__iar_systems$$module {Abs}
                        0x00000001          Data  Gb  command line/config [2]
__iar_zero_init3        0x80004b55    0x40  Code  Gb  zero_init3.o [5]
__low_level_init        0x80004bc5     0x4  Code  Gb  low_level_init.o [3]
__set_ACTLR             0x80003e5c     0x8  Code  Lc  system_MCIMX6G2.o [1]
__set_CPACR             0x80003e6c     0x8  Code  Lc  system_MCIMX6G2.o [1]
__set_DACR              0x800034c0     0x8  Code  Lc  board.o [1]
__set_FPEXC             0x80003e3c     0x8  Code  Lc  system_MCIMX6G2.o [1]
__set_SCTLR             0x800034a8     0x8  Code  Lc  board.o [1]
__set_SCTLR             0x80003e4c     0x8  Code  Lc  system_MCIMX6G2.o [1]
__set_TTBCR             0x800034b8     0x8  Code  Lc  board.o [1]
__set_TTBR0             0x800034b0     0x8  Code  Lc  board.o [1]
__set_VBAR              0x80003e74     0x8  Code  Lc  system_MCIMX6G2.o [1]
__vector_table          0x80002000          Data  Gb  startup_MCIMX6G2.o [1]
_call_main              0x80004bac          Code  Gb  cmain.o [5]
_exit                   0x80004c04          Code  Gb  cexit.o [5]
_main                   0x80004bb4          Code  Gb  cmain.o [5]
abort                   0x800047a3     0x6  Code  Gb  abort.o [3]
exit                    0x80004c01     0x4  Code  Gb  exit.o [3]
g_ccmConfigArmPll       0x80004d48     0x4  Data  Gb  clock_config.o [1]
g_rtcXtalFreq           0x80400008     0x4  Data  Gb  fsl_clock.o [1]
g_xtalFreq              0x80400004     0x4  Data  Gb  fsl_clock.o [1]
irqNesting              0x80400510     0x4  Data  Lc  system_MCIMX6G2.o [1]
irqTable                0x80400010   0x500  Data  Lc  system_MCIMX6G2.o [1]
main                    0x80004a6c    0x50  Code  Gb  hello_world.o [1]
s_debugConsoleIO        0x8040000c     0x4  Data  Lc  fsl_io.o [1]
s_mmuBufferAttr         0x80004d44     0x4  Data  Lc  board.o [1]
s_mmuDevAttr            0x80004d38     0x4  Data  Lc  board.o [1]
s_mmuRamAttr            0x80004d40     0x4  Data  Lc  board.o [1]
s_mmuRomAttr            0x80004d3c     0x4  Data  Lc  board.o [1]
s_uartBases             0x80004c68    0x24  Data  Lc  fsl_uart.o [1]
s_uartClock             0x80004cdc    0x14  Data  Lc  fsl_uart.o [1]
strlen                  0x8000344c          Code  Gb  strlen.o [5]


[1] = C:\Users\lidong\Documents\GitHub\imx6ul\hello_world\iar\ddr_debug\obj
[2] = command line
[3] = dl7Sx_tln.a
[4] = m7Sx_tlv.a
[5] = rt7Sx_tl.a
[6] = sh7Sxs_l.a

  10 932 bytes of readonly  code memory
   1 892 bytes of readwrite code memory
   1 705 bytes of readonly  data memory
  19 988 bytes of readwrite data memory

Errors: none
Warnings: none
